<html>
<body>
<pre>
<h1>µVision Build Log</h1>
<h2>Project:</h2>
C:\Users\rpjai\Documents\ARM_MAJOR_PROJECT\ARM_MAJOR_PROJECT\MAJOR.uvproj
Project File Date:  07/03/2025

<h2>Output:</h2>
Rebuild target 'Target 1'
assembling Startup.s...
compiling delay.c...
compiling kpm.c...
compiling main.c...
compiling uart.c...
compiling lcd.c...
compiling others_functions.c...
compiling bank_functions.c...
linking...
Program Size: Code=11116 RO-data=48 RW-data=184 ZI-data=1616  
FromELF: creating hex file...
".\project.axf" - 0 Error(s), 0 Warning(s).
</pre>
</body>
</html>
